// Jest Snapshot v1, https://goo.gl/fbAQLP

exports[`renders when there is item 1`] = `
<div
  className="container"
>
  <div
    className="wrapper"
  >
    <div
      className="screen"
    />
    <button
      className="btn num-pad"
      onClick={[Function]}
      type="button"
    >
      AC
    </button>
    <button
      className="btn num-pad"
      onClick={[Function]}
      type="button"
    >
      + / -
    </button>
    <button
      className="btn num-pad"
      onClick={[Function]}
      type="button"
    >
      %
    </button>
    <button
      className="btn orange"
      onClick={[Function]}
      type="button"
    >
      รท
    </button>
    <button
      className="btn num-pad"
      onClick={[Function]}
      type="button"
    >
      7
    </button>
    <button
      className="btn num-pad"
      onClick={[Function]}
      type="button"
    >
      8
    </button>
    <button
      className="btn num-pad"
      onClick={[Function]}
      type="button"
    >
      9
    </button>
    <button
      className="btn orange"
      onClick={[Function]}
      type="button"
    >
      x
    </button>
    <button
      className="btn num-pad"
      onClick={[Function]}
      type="button"
    >
      4
    </button>
    <button
      className="btn num-pad"
      onClick={[Function]}
      type="button"
    >
      5
    </button>
    <button
      className="btn num-pad"
      onClick={[Function]}
      type="button"
    >
      6
    </button>
    <button
      className="btn orange"
      onClick={[Function]}
      type="button"
    >
      -
    </button>
    <button
      className="btn num-pad"
      onClick={[Function]}
      type="button"
    >
      1
    </button>
    <button
      className="btn num-pad"
      onClick={[Function]}
      type="button"
    >
      2
    </button>
    <button
      className="btn num-pad"
      onClick={[Function]}
      type="button"
    >
      3
    </button>
    <button
      className="btn orange"
      onClick={[Function]}
      type="button"
    >
      +
    </button>
    <button
      className="btn num-pad num-zero"
      onClick={[Function]}
      type="button"
    >
      0
    </button>
    <button
      className="btn num-pad"
      onClick={[Function]}
      type="button"
    >
      .
    </button>
    <button
      className="btn orange"
      onClick={[Function]}
      type="button"
    >
      =
    </button>
  </div>
</div>
`;
