// Jest Snapshot v1, https://goo.gl/fbAQLP

exports[`renders when there is item 1`] = `
<div
  className="home"
>
  <h2>
    Welcome to our page!
  </h2>
  <p>
    You can have your maths calculations here. Go to the Calculator section from the Navbar to get started.
  </p>
</div>
`;
