// Jest Snapshot v1, https://goo.gl/fbAQLP

exports[`renders to match the snapshot 1`] = `
<div
  className="quote"
>
  <p>
    Mathematics are the result of mysterious powers which no one understands, and which the unconscious recognition of beauty must play an important part. Out of an infinity of designs a mathematician chooses one pattern for beautyâ€™s sake and pulls it down to earth.
    <span
      className="author"
    >
      <i>
        -Marston Morse, American mathematician
      </i>
    </span>
  </p>
</div>
`;
